../Core/Src/main.c:89:6:ADC_Select_CH1	32	static
../Core/Src/main.c:103:8:ADC_Select_CH2	32	static
../Core/Src/main.c:117:8:ADC_Select_CHTemp	32	static
../Core/Src/main.c:142:5:main	8	static
../Core/Src/main.c:241:6:SystemClock_Config	96	static
../Core/Src/main.c:291:13:MX_ADC1_Init	48	static
../Core/Src/main.c:377:13:MX_I2C1_Init	8	static
../Core/Src/main.c:425:13:MX_USART2_UART_Init	8	static
../Core/Src/main.c:460:13:MX_GPIO_Init	48	static
../Core/Src/main.c:489:6:Task_action	16	static
../Core/Src/main.c:606:6:StartTask1	16	static
../Core/Src/main.c:625:6:StartTask2	16	static
../Core/Src/main.c:645:6:HAL_TIM_PeriodElapsedCallback	16	static
../Core/Src/main.c:662:6:Error_Handler	4	static,ignoring_inline_asm
