../Core/Src/main.c:89:6:ADC_Select_CH1	32	static,ignoring_inline_asm
../Core/Src/main.c:103:8:ADC_Select_CH2	32	static,ignoring_inline_asm
../Core/Src/main.c:117:8:ADC_Select_CHTemp	32	static,ignoring_inline_asm
../Core/Src/main.c:241:6:SystemClock_Config	96	static,ignoring_inline_asm
../Core/Src/main.c:142:5:main	64	static,ignoring_inline_asm
../Core/Src/main.c:489:6:Task_action	24	static
../Core/Src/main.c:606:6:StartTask1	8	static
../Core/Src/main.c:625:6:StartTask2	8	static
../Core/Src/main.c:645:6:HAL_TIM_PeriodElapsedCallback	0	static
../Core/Src/main.c:662:6:Error_Handler	0	static,ignoring_inline_asm
