../Drivers/CMSIS/Include/core_cm4.h:2059:26:ITM_SendChar	4
../Core/Src/main.c:83:6:send_task1	1
../Core/Src/main.c:89:6:send_task2	1
../Core/Src/main.c:95:6:send_task3	1
../Core/Src/main.c:101:5:_write	2
../Core/Src/main.c:114:5:main	1
../Core/Src/main.c:200:6:SystemClock_Config	4
../Core/Src/main.c:250:13:MX_USART2_UART_Init	2
../Core/Src/main.c:285:13:MX_GPIO_Init	1
../Core/Src/main.c:330:6:StartTask1	1
../Core/Src/main.c:349:6:StartTask2	1
../Core/Src/main.c:361:6:StartTask3	1
../Core/Src/main.c:380:6:HAL_TIM_PeriodElapsedCallback	2
../Core/Src/main.c:398:6:Error_Handler	1
